{"reply":{"code":"0","desc":[],"data":{"results":{"array":{"item":[{"id":"1039","commonName":"openprovider.nl","productName":"Secure Site Pro with EV","brandName":"VeriSign","status":"ACT","orderDate":"2009-02-13 12:34:12","activeDate":"2009-02-18 15:51:23","expirationDate":"2011-02-13 13:57:31","hostNames":[],"organizationHandle":"SR003191-NL","administrativeHandle":"SR003191-NL","technicalHandle":"SR003391-NL","billingHandle":"SR003391-NL","emailApprover":"ssladmin@openprovider.nl","csr":"-----BEGIN CERTIFICATE REQUEST-----\nMIIB2jCCAUMCAQAwgZkxCzAJBgNVBAYTAlNSMRMwEQYDVQQIEwpQYXJhbWFyaWJv\nMRMwEQYDVQQHEwpQYXJhbWFyaWJvMRkwFwWDVQQKExBIb3N0aW5nIENvbmNlcHRz\nMRswGQYDVQQDExJ3d3cubmlub25hYmFzLmluZm8xKDAmBgkqhkiG9w0BCQEWGW5p\nbm9uQGhvc3RpbmctY29uY2VwdHMubmwwgQ8wDQYJKoZIhvcNAQEBBQADgY0AMIGJ\nAoGBAK0WTGoqkJ6FXPquwObSUUAbSi4xaYEnFntObBK+q0lGOHiWIiFOueIfqg\/y\nc7ZEjLBKdWXd3xb48pcWWvUHUHAl+2xCW+2xIIcYRDGmiqmus8Ed9wflrm7W5wFm\n0zSxj\/W6LlVX5ZrdXA+tr3WSLTC\/xsE41BQ3fInxFN9hzspjAgMBAAGgADANBgkq\nhkiG9w0BAQUFAAOBgQBMWx\/JmwvYqT7PnalI9KosOreIkr\/6gc+UIIY1GX8KBBJ9\nwxFBO6W8vgvy8vwrbOhJVXq1RUwqvCMJED061LxG9rQBkJ6coGMhLN8iT1xgRi9i\nnwLcoimwyyGwMKNscIAKgeiKNpXhBRHyjOP+pXGeaTsWicctWKGe67kbPl\/dbA==\n-----END CERTIFICATE REQUEST-----","certificate":"-----BEGIN CERTIFICATE-----\nMIIDYTCCAsqgAwIBAgIDDxwJMA0GCSqGSIb3DQEBBQUAME4xCzAJBgNVBAYTAlVT\nMRAwDgYDVQQKEwdFcXVpZmF4MS0wKwYDVQQLEyRFcXVpZmF4IFNlY3VyZSBDZXJ0\naWZpY2F0ZSBBdXRob3JpdHkwHhcNMTAwMjAxMDA0MzU2WhcNMTEwMjAyMjEwMTQ2\nWjCB6zEpMCcGA1UEBRMgTHNaN3FvREFGWG5wMmNtV3h1N2kxVmltaDhmLVJHaEgx\nCzAJBgNVBAYTAlNSMRswGQYDVQQKExJ5d3cubmlub25hYmFzLmluZm8xEzARBgNV\nBAsTCkdUNjQ3OTAwMTExMTAvBgNVBAsTKFNlZSB3d3cucmFwaWRzc2wuY29tL3Jl\nc291cmNlcy9jcHMgKGMpMTAxLzAtBgNVBAsTJkRvbWFpbiBDb250cm9sIFZhbGlk\nYXRlZCAtIFJhcGlkU1NMKFIpMRswVQYDVQQDExJ3d3cubmlub25hYmFzLmluZm8w\ngZ8wDQYJKoZIhvcNAQEBBQADgY0AMIGJAoGBAK0WTGoqkJ6FXPquwObSUUAbSi4x\nuYEnFntObBK+q0lGOHiWIiFOueIfqg\/yc7ZEjLBKdWXd3xb48pcWWvUHUHAl+2xC\nW+2xIIcYRDGmiqmus8Ed9wflam7W5wFm0zSxj\/W6LlVX5ZrdXA+tr3WSLTC\/xsE4\n7BQ3fInxFN9hzspjAgMBAAGjga4wgaswDgYDVR0PAQH\/BAQDAgTwMB0GA1UdDgQW\nBBR1NEfvt2\/xCmZNjSa1R6w+iPStsjA6BgNVHR8EMzAxMC+gLaArhilodHRwOi8v\nY3JsLmdlb3RydXN0LmNvbS9jcmxzL3NlY3VyZWNhLmNybDAfBgNVHSMEGDAWgBRI\n5mj5K9KylddH2CMgEE8zmJCf1DAdBgNVHSUEFjAUBggrBgEFBQcDAQYIKwYBBQUH\nAwIwDQYJKoZIhvcNAQEFBQADgYEAQ+tAe6BZMwzciC6Y8vw1AXbXL8Oe1lKuI7ov\neGt30SQkVy3QRMSfbT7MQQy+cybE34xLY3GHXhTxV81d221eatgNRnz0lqg\/RF5W\nVbuD8DC8ZDclv0vd5aLK9SxlOP2VSqmJfgBBr4QVQ7igEue3s0jCzMch4v0j1Aap\nOyY\/SqY=\n-----END CERTIFICATE-----","rootCertificate":"-----BEGIN CERTIFICATE-----\nMIIDIDCCAomgAwIBAgIENd70zzANBgkqhkiG9w0BAQUFADBOMQswCQYDVQQGEwJV\nUzEQMA4GA1UEChMHRXF1aWZheDEtMCsGA1UECxMkRXF1aWZheCBTZWN1cmUgQ2Vy\ndGlmaWNhdGUgQXV0aG9yaXR5MB4XDTk4MDgyMjE2NDE1MVoXDTE4MDgyMjE2NDE1\nMVowTjELMAkGA1UEBhMCVVMxEDAOBgNVBAoTB0VxdWlmYXgxLTArBgNVBAsTJEVx\ndWlmYXggU2VjdXJlIENlcnRpZmljYXRlIEF1dGhvcml0eTCBnzANBgkqhkiG9w0B\nAQEFAAOBjQAwgYkCgYEAwV2xWGcIYu3gmi0fCG2RFGiYCh7+2gRvE4RiIcPRfM6f\nBeC4AfBONOziipUEZKzxa1NfBbPLZ4C\/QgKO\/t0BCezhABRP\/PvwDN1Dulsr4R+A\ncJkVV5MW8Q+XarfCaCMczE1ZMKxRHjuvK9buY0V7xdlfUNLjUA86iOe\/FP3gx7kC\nAwEAAaOCAQkwggEFMHAGA1UdHwRpMGawZaBjoGGkXzBdMQswCQYDVQQGEwJVUzEQ\nMA4GA1UEChMHRXF1aWZheDEtMCsGA1UECxMkRXF1aWZheCBTZWN1cmUgQ2VydGlm\naWNhdGUgQXV0aG9yaXR5MQ0wCwYDVQRDEwRDUkwxMBoGA1UdEAQTMBGBDzIwMTgw\nODIyMTY0MTUxWjALBgNVHQ8EBAMCAQYwHwYDVR0jBBgwFoAUSOZo+SvSspXXR9gj\nIBBPM5iQn9QwHQYDVR0OBBYEFEjmaPkr0rKV10fYIyAQTzOYkJ\/UMAwGA1UdEwQF\nMAMBAf8wGgYJKoZIhvZ9B0EABA0wCxsFVjMuMGMDAgbAMA0GCSqGSIb3DQEBBQUA\nA4GBAFjOKer89961zgK5F7WF0bnj4JXMJTENAKaSbn+2kmOeUJXRmm\/kEd5jhW6Y\n7qj\/WsjTVbJmcVfewCHrPSqnI0kBBIZCe\/zuf6IWUrVnZ9NA2zsmWLIodz2uFHdh\n1voqZiegDfqnc1zqcPGUIWVEY\/r87yloqaKHee9570+sB3c4\n-----END CERTIFICATE-----","autorenew":"on"},{"id":"1044","commonName":"openprovider.co.uk","productName":"Secure Site Pro with EV","brandName":"VeriSign","status":"ACT","orderDate":"2009-02-13 13:22:48","activeDate":"2009-02-21 15:51:23","expirationDate":"2011-02-15 13:57:31","hostNames":[],"organizationHandle":"SR003191-NL","administrativeHandle":"SR001191-NL","technicalHandle":"SR003391-NL","billingHandle":"SR003391-NL","emailApprover":"ssladmin@openprovider.nl","csr":"-----BEGIN CERTIFICATE REQUEST-----\nMIIB2jCCAUMCAQAwgZkxCzAJBgNVBAYTAlNSMRMwEQYDVQQIEwpQYXJhbWFyaWJv\nMRMwEQYDVQQHEwpQYXJhbWFyaWJvMRkwFwWDVQQKExBIb3N0aW5nIENvbmNlcHRz\nMRswGQYDVQQDExJ3d3cubmlub25hYmFzLmluZm8xKDAmBgkqhkiG9w0BCQEWGW5p\nbm9uQGhvc3RpbmctY29uY2VwdHMubmwwgQ8wDQYJKoZIhvcNAQEBBQADgY0AMIGJ\nAoGBAK0WTGoqkJ6FXPquwObSUUAbSi4xaYEnFntObBK+q0lGOHiWIiFOueIfqg\/y\nc7ZEjLBKdWXd3xb48pcWWvUHUHAl+2xCW+2xIIcYRDGmiqmus8Ed9wflrm7W5wFm\n0zSxj\/W6LlVX5ZrdXA+tr3WSLTC\/xsE41BQ3fInxFN9hzspjAgMBAAGgADANBgkq\nhkiG9w0BAQUFAAOBgQBMWx\/JmwvYqT7PnalI9KosOreIkr\/6gc+UIIY1GX8KBBJ9\nwxFBO6W8vgvy8vwrbOhJVXq1RUwqvCMJED061LxG9rQBkJ6coGMhLN8iT1xgRi9i\nnwLcoimwyyGwMKNscIAKgeiKNpXhBRHyjOP+pXGeaTsWicctWKGe67kbPl\/dbA==\n-----END CERTIFICATE REQUEST-----","certificate":"-----BEGIN CERTIFICATE-----\nMIIDYTCCAsqgAwIBAgIDDxwJMA0GCSqGSIb3DQEBBQUAME4xCzAJBgNVBAYTAlVT\nMRAwDgYDVQQKEwdFcXVpZmF4MS0wKwYDVQQLEyRFcXVpZmF4IFNlY3VyZSBDZXJ0\naWZpY2F0ZSBBdXRob3JpdHkwHhcNMTAwMjAxMDA0MzU2WhcNMTEwMjAyMjEwMTQ2\nWjCB6zEpMCcGA1UEBRMgTHNaN3FvREFGWG5wMmNtV3h1N2kxVmltaDhmLVJHaEgx\nCzAJBgNVBAYTAlNSMRswGQYDVQQKExJ5d3cubmlub25hYmFzLmluZm8xEzARBgNV\nBAsTCkdUNjQ3OTAwMTExMTAvBgNVBAsTKFNlZSB3d3cucmFwaWRzc2wuY29tL3Jl\nc291cmNlcy9jcHMgKGMpMTAxLzAtBgNVBAsTJkRvbWFpbiBDb250cm9sIFZhbGlk\nYXRlZCAtIFJhcGlkU1NMKFIpMRswVQYDVQQDExJ3d3cubmlub25hYmFzLmluZm8w\ngZ8wDQYJKoZIhvcNAQEBBQADgY0AMIGJAoGBAK0WTGoqkJ6FXPquwObSUUAbSi4x\nuYEnFntObBK+q0lGOHiWIiFOueIfqg\/yc7ZEjLBKdWXd3xb48pcWWvUHUHAl+2xC\nW+2xIIcYRDGmiqmus8Ed9wflam7W5wFm0zSxj\/W6LlVX5ZrdXA+tr3WSLTC\/xsE4\n7BQ3fInxFN9hzspjAgMBAAGjga4wgaswDgYDVR0PAQH\/BAQDAgTwMB0GA1UdDgQW\nBBR1NEfvt2\/xCmZNjSa1R6w+iPStsjA6BgNVHR8EMzAxMC+gLaArhilodHRwOi8v\nY3JsLmdlb3RydXN0LmNvbS9jcmxzL3NlY3VyZWNhLmNybDAfBgNVHSMEGDAWgBRI\n5mj5K9KylddH2CMgEE8zmJCf1DAdBgNVHSUEFjAUBggrBgEFBQcDAQYIKwYBBQUH\nAwIwDQYJKoZIhvcNAQEFBQADgYEAQ+tAe6BZMwzciC6Y8vw1AXbXL8Oe1lKuI7ov\neGt30SQkVy3QRMSfbT7MQQy+cybE34xLY3GHXhTxV81d221eatgNRnz0lqg\/RF5W\nVbuD8DC8ZDclv0vd5aLK9SxlOP2VSqmJfgBBr4QVQ7igEue3s0jCzMch4v0j1Aap\nOyY\/SqY=\n-----END CERTIFICATE-----","rootCertificate":"-----BEGIN CERTIFICATE-----\nMIIDIDCCAomgAwIBAgIENd70zzANBgkqhkiG9w0BAQUFADBOMQswCQYDVQQGEwJV\nUzEQMA4GA1UEChMHRXF1aWZheDEtMCsGA1UECxMkRXF1aWZheCBTZWN1cmUgQ2Vy\ndGlmaWNhdGUgQXV0aG9yaXR5MB4XDTk4MDgyMjE2NDE1MVoXDTE4MDgyMjE2NDE1\nMVowTjELMAkGA1UEBhMCVVMxEDAOBgNVBAoTB0VxdWlmYXgxLTArBgNVBAsTJEVx\ndWlmYXggU2VjdXJlIENlcnRpZmljYXRlIEF1dGhvcml0eTCBnzANBgkqhkiG9w0B\nAQEFAAOBjQAwgYkCgYEAwV2xWGcIYu3gmi0fCG2RFGiYCh7+2gRvE4RiIcPRfM6f\nBeC4AfBONOziipUEZKzxa1NfBbPLZ4C\/QgKO\/t0BCezhABRP\/PvwDN1Dulsr4R+A\ncJkVV5MW8Q+XarfCaCMczE1ZMKxRHjuvK9buY0V7xdlfUNLjUA86iOe\/FP3gx7kC\nAwEAAaOCAQkwggEFMHAGA1UdHwRpMGawZaBjoGGkXzBdMQswCQYDVQQGEwJVUzEQ\nMA4GA1UEChMHRXF1aWZheDEtMCsGA1UECxMkRXF1aWZheCBTZWN1cmUgQ2VydGlm\naWNhdGUgQXV0aG9yaXR5MQ0wCwYDVQRDEwRDUkwxMBoGA1UdEAQTMBGBDzIwMTgw\nODIyMTY0MTUxWjALBgNVHQ8EBAMCAQYwHwYDVR0jBBgwFoAUSOZo+SvSspXXR9gj\nIBBPM5iQn9QwHQYDVR0OBBYEFEjmaPkr0rKV10fYIyAQTzOYkJ\/UMAwGA1UdEwQF\nMAMBAf8wGgYJKoZIhvZ9B0EABA0wCxsFVjMuMGMDAgbAMA0GCSqGSIb3DQEBBQUA\nA4GBAFjOKer89961zgK5F7WF0bnj4JXMJTENAKaSbn+2kmOeUJXRmm\/kEd5jhW6Y\n7qj\/WsjTVbJmcVfewCHrPSqnI0kBBIZCe\/zuf6IWUrVnZ9NA2zsmWLIodz2uFHdh\n1voqZiegDfqnc1zqcPGUIWVEY\/r87yloqaKHee9570+sB3c4\n-----END CERTIFICATE-----","autorenew":"on"}]}},"total":"2"}}}