{"reply":{"code":"0","desc":[],"data":{"publicKey":{"bits":"2048","key":"-----BEGIN PUBLIC KEY-----\nMIIBIjANBgkqhkiG9w0BAQEFaAOCAQ8AMIIBCgKCAQEAoR19m63k4SZ0p7UL92WJ\nyAtxSByv4PKNPLYEiR0zJPbbkHVC73VeN\/uOravnCCPzQJ1JFkH466zKH9EkcQb7\nbPdQk9tkdC9JNApJYIBCZe0MQHybtqmzKTE1P9c0Mvb6IHJYeUWUSjWNaUwta3\/H\njIv6ZQhYqEt4t4c3kaVxW4qg2Y80dZheaP\/8YE639+Li+Gq98\/K7gDuMVPMFpOEW\nfEP5z8sR8qAr8gY705opP6ies8qsYIRNmmZdjF96Rhm5qCaGA8Av07+JKyX6WdE6\nyCcXNwcJ7++v5C7T8hyqWYlVrAJFgaAOc87D40e7Mcp\/u5Obn4HmR2EeRQCBdDec\n3QIDAQAB\n-----END PUBLIC KEY-----"},"subject":{"commonName":"www.openprovider.nl","organization":"Openprovider (Hosting Concepts B.V.)","unit":"ICT","locality":"Rotterdam","state":"Zuid-Holland","country":"NL","email":"domreg@openprovider.nl"},"subjectAlternativeName":[],"domainNamesCount":"1"}}}